hello world!
14.213095
10
1
2
3
4
-95
-94
700
800
-9
-10
10
9
8
7
6
5
4
3
2
1
