AUDIO
IDENTIFIER
<-
LOAD
STRING_LITERAL
;
AUDIO
IDENTIFIER
<-
IDENTIFIER
[
(
INT_LITERAL
/
INT_LITERAL
)
:
(
INT_LITERAL
*
INT_LITERAL
)
]
[
INT_LITERAL
:
(
INT_LITERAL
*
INT_LITERAL
)
]
;
SAVE
IDENTIFIER
->
STRING_LITERAL
;
