IDENTIFIER
*
INT_LITERAL
-
IDENTIFIER
^
FLOAT_LITERAL
^
FLOAT_LITERAL
[
FLOAT_LITERAL
:
FLOAT_LITERAL
]
*
(
IDENTIFIER
(
_
,
IDENTIFIER
,
IDENTIFIER
,
IDENTIFIER
_
_
IDENTIFIER
,
_
,
-
FLOAT_LITERAL
+
FLOAT_LITERAL
)
)
INT_LITERAL
IDENTIFIER
FLOAT_LITERAL
FLOAT_LITERAL
IDENTIFIER
INVALID_SYMBOL
|
IDENTIFIER
||
IDENTIFIER
||
|=
