MAIN
<-
(
IDENTIFIER
:
INT
,
IDENTIFIER
:
INT
)
:
FLOAT
{
IDENTIFIER
:
INT
<-
INT_LITERAL
INVALID_SYMBOL
INT_LITERAL
INVALID_SYMBOL
INT_LITERAL
;
IDENTIFIER
:
FLOAT
<-
IDENTIFIER
+
INT_LITERAL
;
RETURN
IDENTIFIER
;
}
MAIN
{
}
