IDENTIFIER
IDENTIFIER
INVALID_SYMBOL
IDENTIFIER
;
IMPORT
STRING_LITERAL
IMPORT
[
IDENTIFIER
INVALID_SYMBOL
IDENTIFIER
]
INVALID_SYMBOL
IMPORT
INVALID_SYMBOL
IDENTIFIER
INVALID_SYMBOL
:
IMPORT
STRING_LITERAL
&
<
IDENTIFIER
/
IDENTIFIER
+
+
INVALID_SYMBOL
IDENTIFIER
>
