IDENTIFIER
:
INT
<-
INT_LITERAL
;
LOOP
IDENTIFIER
{
LOOP
INT_LITERAL
{
LOOP
IDENTIFIER
-
INT_LITERAL
{
IDENTIFIER
:
STRING
<-
STRING_LITERAL
;
}
}
}
