IDENTIFIER
FLOAT
STRING
IDENTIFIER
STRING
STRING
IDENTIFIER
STRING
STRING
STRING
STRING
NUMBER
INVALID_SYMBOL
STRING
