AUDIO
IDENTIFIER
=
AUDIO
(
SAW
,
FLOAT
,
NUMBER
)
;
IDENTIFIER
=
IDENTIFIER
[
:
NUMBER
]
;
PLAY
IDENTIFIER
^
NUMBER
;
