INT_LITERAL
FLOAT_LITERAL
FLOAT_LITERAL
FLOAT_LITERAL
FLOAT_LITERAL
FLOAT_LITERAL
FLOAT_LITERAL
FLOAT_LITERAL
FLOAT_LITERAL
STRING_LITERAL
STRING_LITERAL
IDENTIFIER
IDENTIFIER
MAIN
