LOOP
OVER
IDENTIFIER
INT_LITERAL
TO
INT_LITERAL
{
IDENTIFIER
<-
INT_LITERAL
;
}
