IDENTIFIER
<-
(
IDENTIFIER
:
INT
)
:
INT
{
RETURN
IDENTIFIER
*
IDENTIFIER
-
INT_LITERAL
;
}
IDENTIFIER
<-
(
IDENTIFIER
:
FLOAT
)
:
INT
{
RETURN
SIN
(
IDENTIFIER
)
+
COS
(
IDENTIFIER
)
;
}
MAIN
{
IDENTIFIER
:
AUDIO
<-
LOAD
STRING_LITERAL
;
IDENTIFIER
=
LOWPASS
(
IDENTIFIER
,
FLOAT_LITERAL
)
&
IDENTIFIER
;
IDENTIFIER
:
AUDIO
<-
AUDIO
(
IDENTIFIER
,
FLOAT_LITERAL
,
FLOAT_LITERAL
)
;
IDENTIFIER
=
IDENTIFIER
+
IDENTIFIER
;
PLAY
IDENTIFIER
;
}
