IDENTIFIER
:
AUDIO
<-
LOAD
STRING_LITERAL
;
PLAY
IDENTIFIER
IDENTIFIER
=
HIGHPASS
(
IDENTIFIER
,
FLOAT_LITERAL
)
SAVE
IDENTIFIER
->
STRING_LITERAL
