CONST
IDENTIFIER
:
FLOAT
<-
FLOAT_LITERAL
;
HIGHPASS
(
FLOAT_LITERAL
)
;
LOWPASS
(
FLOAT_LITERAL
)
;
EQ
(
IDENTIFIER
,
-
INT_LITERAL
,
INT_LITERAL
)
;
