IF
IDENTIFIER
%
IDENTIFIER
{
IDENTIFIER
*=
IDENTIFIER
;
}
OR
IDENTIFIER
/
IDENTIFIER
{
IDENTIFIER
%=
IDENTIFIER
;
}
OTHERWISE
{
IDENTIFIER
/=
IDENTIFIER
;
}
