AUDIO
IDENTIFIER
<-
LOAD
STRING
;
AUDIO
IDENTIFIER
<-
(
IDENTIFIER
>>
NUMBER
)
*
FLOAT
&
IDENTIFIER
(
NUMBER
)
;
PLAY
IDENTIFIER
;
