IMPORT
STRING_LITERAL
;
FUNCTION
IDENTIFIER
<-
(
IDENTIFIER
:
AUDIO
,
IDENTIFIER
:
AUDIO
)
:
AUDIO
=>
(
IDENTIFIER
+
IDENTIFIER
)
;
FUNCTION
IDENTIFIER
<-
(
FLOAT
:
IDENTIFIER
,
IDENTIFIER
:
INT
)
:
BOOL
{
IF
IDENTIFIER
*
IDENTIFIER
>
INT_LITERAL
{
RETURN
TRUE
;
}
OTHERWISE
{
RETURN
FALSE
;
}
}
FUNCTION
IDENTIFIER
<-
(
)
:
INT
{
IDENTIFIER
:
AUDIO
<-
LOAD
STRING_LITERAL
;
IDENTIFIER
:
AUDIO
<-
LOAD
STRING_LITERAL
;
IDENTIFIER
:
FLOAT
<-
FLOAT_LITERAL
;
IDENTIFIER
:
INT
<-
INT_LITERAL
;
IDENTIFIER
<-
IDENTIFIER
*
FLOAT_LITERAL
;
IDENTIFIER
:
BOOL
<-
IDENTIFIER
(
IDENTIFIER
,
IDENTIFIER
)
;
IDENTIFIER
:
AUDIO
<-
IDENTIFIER
(
IDENTIFIER
,
IDENTIFIER
)
;
PLAY
IDENTIFIER
;
SAVE
IDENTIFIER
->
STRING_LITERAL
;
RETURN
INT_LITERAL
;
}
