IDENTIFIER
=
IDENTIFIER
|
IDENTIFIER
;
FUNCTION
IDENTIFIER
<-
(
IDENTIFIER
:
FLOAT
,
IDENTIFIER
:
FLOAT
)
{
RETURN
INT_LITERAL
^
(
-
IDENTIFIER
*
IDENTIFIER
)
;
}
IDENTIFIER
*
IDENTIFIER
(
INT_LITERAL
,
FLOAT_LITERAL
)
;
IDENTIFIER
>>
FLOAT_LITERAL
;
IDENTIFIER
=
~
IDENTIFIER
[
INT_LITERAL
:
]
;
