AUDIO
IDENTIFIER
=
AUDIO
(
PAN
,
FLOAT_LITERAL
,
INT_LITERAL
)
;
AUDIO
IDENTIFIER
=
AUDIO
(
SQUARE
,
FLOAT_LITERAL
,
INT_LITERAL
)
;
IDENTIFIER
=
IDENTIFIER
*
IDENTIFIER
;
IDENTIFIER
=
IDENTIFIER
[
INT_LITERAL
:
INT_LITERAL
]
;
PLAY
IDENTIFIER
^
INT_LITERAL
;
