IMPORT
STRING_LITERAL
;
FUNCTION
IDENTIFIER
<-
(
IDENTIFIER
:
INT
,
IDENTIFIER
:
INT
)
:
INT
{
RETURN
IDENTIFIER
+
IDENTIFIER
;
}
FUNCTION
IDENTIFIER
<-
IDENTIFIER
(
_
,
INT_LITERAL
)
;
FUNCTION
IDENTIFIER
<-
(
)
{
IDENTIFIER
<-
INT_LITERAL
;
IDENTIFIER
=
IDENTIFIER
(
INT_LITERAL
)
;
IDENTIFIER
<-
IDENTIFIER
(
INT_LITERAL
)
;
RETURN
IDENTIFIER
;
}
