FUNCTION
IDENTIFIER
<-
(
)
{
IDENTIFIER
<-
INT_LITERAL
;
IF
(
IDENTIFIER
>
INT_LITERAL
)
{
LOOP
IDENTIFIER
OVER
INT_LITERAL
{
IDENTIFIER
<-
IDENTIFIER
-
INT_LITERAL
;
}
}
RETURN
IDENTIFIER
;
}
