LOOP
OVER
IDENTIFIER
INT_LITERAL
TO
INT_LITERAL
@
INT_LITERAL
{
AUDIO
IDENTIFIER
<-
IDENTIFIER
[
IDENTIFIER
*
FLOAT_LITERAL
:
(
IDENTIFIER
+
INT_LITERAL
)
*
FLOAT_LITERAL
]
;
AUDIO
IDENTIFIER
<-
IDENTIFIER
*
(
IDENTIFIER
+
INT_LITERAL
)
;
PLAY
IDENTIFIER
;
}
