FUNCTION
IDENTIFIER
<-
(
IDENTIFIER
:
FLOAT
,
IDENTIFIER
:
FLOAT
)
:
FLOAT
{
RETURN
SIN
(
IDENTIFIER
)
*
IDENTIFIER
;
}
FUNCTION
IDENTIFIER
<-
IDENTIFIER
(
FLOAT_LITERAL
,
_
)
;
AUDIO
IDENTIFIER
<-
AUDIO
(
IDENTIFIER
,
FLOAT_LITERAL
,
FLOAT_LITERAL
)
;
PLAY
IDENTIFIER
;
SAVE
IDENTIFIER
->
STRING_LITERAL
;
