IDENTIFIER
<-
(
IDENTIFIER
:
INT
)
:
STRING
=>
(
STRING_LITERAL
)
;
