IDENTIFIER
:
AUDIO
<-
LOAD
STRING_LITERAL
;
IDENTIFIER
:
AUDIO
<-
IDENTIFIER
*
FLOAT_LITERAL
;
IDENTIFIER
:
AUDIO
<-
IDENTIFIER
*
FLOAT_LITERAL
;
PLAY
IDENTIFIER
;
PLAY
IDENTIFIER
;
