AUDIO
IDENTIFIER
<-
LOAD
STRING
;
AUDIO
IDENTIFIER
<-
IDENTIFIER
>>
NUMBER
;
AUDIO
IDENTIFIER
<-
IDENTIFIER
<<
NUMBER
;
PLAY
IDENTIFIER
;
PLAY
IDENTIFIER
;
