AUDIO
IDENTIFIER
=
AUDIO
(
SIN
,
FLOAT
,
NUMBER
)
;
IDENTIFIER
=
IDENTIFIER
+
AUDIO
(
COS
,
FLOAT
,
NUMBER
)
;
IDENTIFIER
=
IDENTIFIER
[
NUMBER
:
NUMBER
]
;
PLAY
IDENTIFIER
^
NUMBER
;
