AUDIO
IDENTIFIER
=
AUDIO
(
SIN
,
FLOAT_LITERAL
,
INT_LITERAL
)
;
AUDIO
IDENTIFIER
=
AUDIO
(
COS
,
FLOAT_LITERAL
,
INT_LITERAL
)
;
IDENTIFIER
=
IDENTIFIER
+
IDENTIFIER
;
IDENTIFIER
=
IDENTIFIER
[
:
INT_LITERAL
]
;
PLAY
IDENTIFIER
^
INT_LITERAL
;
