IMPORT
CONST
LOAD
SAVE
PLAY
IDENTIFIER
IF
OR
OTHERWISE
LOOP
OVER
LONG
INT
FLOAT
STRING
AUDIO
BOOL
TRUE
FALSE
CONTINUE
BREAK
RETURN
HIGHPASS
LOWPASS
EQ
SIN
COS
EXP_DECAY
LIN_DECAY
SQUARE
SAW
TRIANGLE
PAN
TO
